[windows-aktiv.my1.ru/load/aktivator_windows_10/re_loader_activator_10/1-1-0-84.html]
[backblue.gif]
[fade.gif]
[index.html]
[windows-aktiv.my1.ru/_st/my.css]
[windows-aktiv.my1.ru/.s/src/base.css]
[windows-aktiv.my1.ru/.s/src/layer3.css]
[windows-aktiv.my1.ru/.s/src/ulightbox/ulightbox.min.css]
[windows-aktiv.my1.ru/.s/src/socCom.css]
[windows-aktiv.my1.ru/.s/src/socCom.js]
[windows-aktiv.my1.ru/.s/src/social.css]
[windows-aktiv.my1.ru/.s/src/ulightbox/ulightbox.min.js]
[windows-aktiv.my1.ru/.s/src/jquery-1.10.2.js]
[master-push.net/push36d8.js]
[windows-aktiv.my1.ru/.s/src/uwnd.minc81e.js]
[usocial.pro/usocial/usocial.ppb80c.js]
[windows-aktiv.my1.ru/poisk/bgcolor.js]
[usocial.pro/usocial/usocialb80c.js]
[windows-aktiv.my1.ru/poisk/Lupa.png]
[translate.google.com/translate_a/element.12a0d8.delayed]
[apis.google.com/js/platform.js]
[windows-aktiv.my1.ru/News/Adguard/Otkljuchit_reklamu.png]
[windows-aktiv.my1.ru/News/VkontakteDJ/Vkontakte_DJ.png]
[windows-aktiv.my1.ru/Kartinki/Re-Loader/Re-Loader_Activator_10.jpg]
[windows-aktiv.my1.ru/News/MediaGet/ico-down-file.png]
[windows-aktiv.my1.ru/.s/img/stars/3/12.png]
[usocial.pro/usocial/usocial170b.js]
[windows-aktiv.my1.ru/.s/img/ma/m/i3.gif]
[windows-aktiv.my1.ru/.s/img/icon/thumbu2_.png]
[windows-aktiv.my1.ru/.s/img/icon/thumbd2_.png]
[windows-aktiv.my1.ru/.s/img/icon/social/16/vk.png]
[windows-aktiv.my1.ru/.s/img/fr/EmnAjax.gif]
[windows-aktiv.my1.ru/.s/img/spamfilter/notspam-active.gif]
[windows-aktiv.my1.ru/.s/img/spamfilter/notspam.gif]
[windows-aktiv.my1.ru/.s/img/wd/1/ajaxs.gif]
[windows-aktiv.my1.ru/.s/img/icon/social/noavatar.png]
[windows-aktiv.my1.ru/load/aktivator_windows_10/re_loader_activator_10/1-1-0-84.html]
[windows-aktiv.my1.ru/Verh.png]
[windows-aktiv.my1.ru/Niz.png]
[windows-aktiv.my1.ru/.s/t/888/4.gif]
[windows-aktiv.my1.ru/.s/t/888/5.gif]
[windows-aktiv.my1.ru/.s/img/wd/1/ar1.gif]
[windows-aktiv.my1.ru/.s/t/888/6.gif]
[windows-aktiv.my1.ru/.s/t/888/7.gif]
[windows-aktiv.my1.ru/.s/t/888/1.jpg]
[windows-aktiv.my1.ru/.s/t/888/8.gif]
[windows-aktiv.my1.ru/.s/t/888/9.gif]
[windows-aktiv.my1.ru/.s/t/888/2.jpg]
[windows-aktiv.my1.ru/.s/t/888/10.gif]
[windows-aktiv.my1.ru/.s/t/888/11.gif]
[windows-aktiv.my1.ru/_st/my.css]
[windows-aktiv.my1.ru/.s/img/sh/wait.gif]
[windows-aktiv.my1.ru/.s/img/fr/OmnD.gif]
[windows-aktiv.my1.ru/.s/img/fr/OmnD_.gif]
[windows-aktiv.my1.ru/.s/src/panel-v2/img/select_arrow.png]
[windows-aktiv.my1.ru/.s/src/panel-v2/img/select_disabled_arrow.png]
[windows-aktiv.my1.ru/.s/img/wd/7/cmp-bg.gif]
[windows-aktiv.my1.ru/.s/img/fr/searchbg.png]
[windows-aktiv.my1.ru/.s/img/fr/g.gif]
[windows-aktiv.my1.ru/.s/src/base.css]
[windows-aktiv.my1.ru/.s/img/wd/3/abbg.gif]
[windows-aktiv.my1.ru/.s/img/wd/3/text-bg.gif]
[windows-aktiv.my1.ru/.s/img/wd/3/spr.gif]
[windows-aktiv.my1.ru/.s/img/wd/3/menubg.gif]
[windows-aktiv.my1.ru/.s/img/wd/3/ar1.gif]
[windows-aktiv.my1.ru/.s/img/ma/newpm.gif]
[windows-aktiv.my1.ru/.s/img/wd/3/tb-btn-sprite.gif]
[windows-aktiv.my1.ru/.s/img/wd/3/shadow-h.png]
[windows-aktiv.my1.ru/.s/img/wd/3/shadow.png]
[windows-aktiv.my1.ru/.s/img/wd/3/tool-sprites.gif]
[windows-aktiv.my1.ru/.s/img/wd/3/top-bottom.png]
[windows-aktiv.my1.ru/.s/img/wd/3/left-corners.png]
[windows-aktiv.my1.ru/.s/img/wd/3/right-corners.png]
[windows-aktiv.my1.ru/.s/img/wd/3/left-right.png]
[windows-aktiv.my1.ru/.s/img/1px.gif]
[windows-aktiv.my1.ru/.s/img/wd/3/text-bg-focus.gif]
[windows-aktiv.my1.ru/.s/img/wd/3/li.png]
[windows-aktiv.my1.ru/.s/img/wd/3/ajax.gif]
[windows-aktiv.my1.ru/.s/img/wd/3/ajaxs.gif]
[windows-aktiv.my1.ru/.s/img/icon/ok.png]
[windows-aktiv.my1.ru/.s/img/icon/er.png]
[windows-aktiv.my1.ru/.s/img/wd/3/gridh.gif]
[windows-aktiv.my1.ru/.s/img/wd/3/btn-sprite.gif]
[windows-aktiv.my1.ru/.s/img/wd/3/scroll-left.gif]
[windows-aktiv.my1.ru/.s/img/wd/3/scroll-right.gif]
[windows-aktiv.my1.ru/.s/img/wd/3/tabs-sprite.gif]
[windows-aktiv.my1.ru/.s/img/wd/3/trigger.gif]
[windows-aktiv.my1.ru/.s/img/wd/3/cmp-bg.gif]
[windows-aktiv.my1.ru/.s/img/icon/ajsml.gif]
[windows-aktiv.my1.ru/.s/img/wd/3/sb.gif]
[windows-aktiv.my1.ru/.s/img/icon/pm.gif]
[windows-aktiv.my1.ru/.s/img/wd/3/c.png]
[windows-aktiv.my1.ru/.s/src/ulightbox/fancybox_sprite.png]
[windows-aktiv.my1.ru/.s/src/layer3.css]
[windows-aktiv.my1.ru/.s/src/ulightbox/fancybox_loading.gif]
[windows-aktiv.my1.ru/.s/src/ulightbox/blank.gif]
[windows-aktiv.my1.ru/.s/src/ulightbox/fancybox_buttons.png]
[windows-aktiv.my1.ru/.s/src/ulightbox/ulightbox.min.css]
[windows-aktiv.my1.ru/.s/img/icon/social/uauth_icons_32x32.png]
[windows-aktiv.my1.ru/.s/img/icon/social/options_icons_30x30.png]
[windows-aktiv.my1.ru/.s/src/socCom.css]
[windows-aktiv.my1.ru/.s/src/social.css]
[js.advideo.ru/aro.js]
[static.lanet.ua/images/block_ru/services.png]
[static.lanet.ua/images/block_ru/logo.png]
[static.lanet.ua/images/block_ru/185x185_ukrnet.png]
[static.lanet.ua/images/block_ru/185x185_EDisc.png]
[static.lanet.ua/images/block_ru/185x185_Google.png]
[static.lanet.ua/images/block_ru/185x185_Gmail.png]
[static.lanet.ua/images/block_ru/185x185_GoogleDrive.png]
[static.lanet.ua/images/block_ru/185x185_F.png]
[static.lanet.ua/images/block_ru/185x185_Facebook.png]
[static.lanet.ua/images/block_ru/185x185_Zillya.png]
[static.lanet.ua/images/block_ru/185x185_Soundcloud.png]
[static.lanet.ua/images/block_ru/185x185_Deezer.png]
[vk.com/js/api/openapi4c56.html]
[windows-aktiv.my1.ru/poisk/bgcolor.html]
[translate.google.com/translate_a/elementa0d8.html]
[windows-aktiv.my1.ru/Verh.png]
[mc.yandex.ru/metrika/watch.js]
[pp.userapi.com/c622928/v622928975/5214b/CJvRdddZX_Y8505.jpg]
[pp.userapi.com/c847217/v847217204/1118b7/GOqyQmnEwx88505.jpg]
[windows-aktiv.my1.ru/Verh.png]
